// Jest Snapshot v1, https://goo.gl/fbAQLP

exports[`line 有数据时 1`] = `
<div>
  <svg>
    <path
      d="
        M 0 0
        C 8, 30 92, 60 100 90
    "
      fill="none"
      stroke="transparent"
      stroke-width="20"
      style="pointer-events: all; transition: .2s;"
    />
    <path
      d="
        M 0 0
        C 8, 30 92, 60 100 90
    "
      fill="none"
      stroke="#1F8CEC"
      stroke-width="2.5"
      style="pointer-events: all; transition: .2s;"
    />
    <path
      class="byai-topology-line-end-triangle"
      d="
    M 100 90
    l 5 0
    l -5 10
    l -5 -10
    Z
"
      data-json="{\\"origin\\":{\\"start\\":\\"1-0\\",\\"end\\":\\"2\\"},\\"po\\":{\\"start\\":{\\"x\\":0,\\"y\\":0},\\"end\\":{\\"x\\":100,\\"y\\":100}}}"
      data-type="end"
      fill="#1F8CEC"
      stroke="none"
      style="pointer-events: all; transition: .2s;"
    />
  </svg>
</div>
`;

exports[`line 正常render 1`] = `
<div>
  <svg>
    <path
      d="
        M 0 0
        C 8, 30 92, 60 100 90
    "
      fill="none"
      stroke="transparent"
      stroke-width="20"
      style="pointer-events: all; transition: .2s;"
    />
    <path
      d="
        M 0 0
        C 8, 30 92, 60 100 90
    "
      fill="none"
      stroke="#AAB7C4"
      stroke-width="2.5"
      style="pointer-events: all; transition: .2s;"
    />
    <path
      class="byai-topology-line-end-triangle"
      d="
    M 100 90
    l 5 0
    l -5 10
    l -5 -10
    Z
"
      data-json=""
      data-type="end"
      fill="#AAB7C4"
      stroke="none"
      style="pointer-events: all; transition: .2s;"
    />
  </svg>
</div>
`;

exports[`line 选中时 1`] = `
<div>
  <svg>
    <path
      d="
        M 0 0
        C 8, 30 92, 60 100 90
    "
      fill="none"
      stroke="transparent"
      stroke-width="20"
      style="pointer-events: all; transition: .2s;"
    />
    <path
      d="
        M 0 0
        C 8, 30 92, 60 100 90
    "
      fill="none"
      stroke="#1F8CEC"
      stroke-width="2.5"
      style="pointer-events: all; transition: .2s;"
    />
    <path
      class="byai-topology-line-end-triangle"
      d="
    M 100 90
    l 5 0
    l -5 10
    l -5 -10
    Z
"
      data-json=""
      data-type="end"
      fill="#1F8CEC"
      stroke="none"
      style="pointer-events: all; transition: .2s;"
    />
  </svg>
</div>
`;

exports[`line 鼠标操作： 第一个path移入、移出、点击 1`] = `
"Snapshot Diff:
Compared values have no visual difference."
`;

exports[`line 鼠标操作： 第一个path移入、移出、点击 2`] = `
"Snapshot Diff:
Compared values have no visual difference."
`;

exports[`line 鼠标操作： 第一个path移入、移出、点击 3`] = `
"Snapshot Diff:
Compared values have no visual difference."
`;

exports[`line 鼠标操作： 第二个path移入、移出、点击 1`] = `
"Snapshot Diff:
Compared values have no visual difference."
`;

exports[`line 鼠标操作： 第二个path移入、移出、点击 2`] = `
"Snapshot Diff:
Compared values have no visual difference."
`;
